FILES:
src/backend/alembic/versions/e3c4d5e6f7a8_fact_scope.py
src/backend/app/config.py
src/backend/app/db/repositories/fact_repo.py
src/backend/app/db/tables.py
src/backend/app/models/fact.py
src/backend/app/services/canon_applier.py
src/backend/app/services/context_compiler.py
src/backend/app/services/memory_scribe.py
src/backend/app/services/role_model_router.py
src/backend/tests/run_ci_mock_simulation_v3.py
src/backend/tests/run_realistic_simulation.py
src/backend/tests/run_realistic_simulation_v2.py
src/backend/tests/simulation_database.py
src/backend/tests/simulation_dynamic_campaign.py
src/backend/tests/simulation_quality_controls.py
src/backend/tests/simulation_scenario.py
src/backend/tests/test_dynamic_campaign_references.py
src/backend/tests/test_generative_simulation_overhaul.py

RUFF:
I001 [*] Import block is un-sorted or un-formatted
  --> src/backend/alembic/versions/e3c4d5e6f7a8_fact_scope.py:8:1
   |
 6 |   """
 7 |
 8 | / from collections.abc import Sequence
 9 | |
10 | | import sqlalchemy as sa
11 | | from alembic import op
   | |______________________^
12 |
13 |   revision: str = "e3c4d5e6f7a8"
   |
help: Organize imports
   |
10 | import sqlalchemy as sa
11 +
12 | from alembic import op
   |

Found 1 error.
[*] 1 fixable with the `--fix` option.

ruff_outcome=failure
